version: 2

models:
  - name: snowplow_unified_base_quarantined_sessions_actual
    tests:
      - dbt_utils.equal_rowcount:
          compare_model: ref('snowplow_unified_base_quarantined_sessions_expected_stg')
      - dbt_utils.equality:
          compare_model: ref('snowplow_unified_base_quarantined_sessions_expected_stg')
  - name: snowplow_unified_views_actual
    tests:
      - dbt_utils.equal_rowcount:
          compare_model: ref('snowplow_unified_views_expected_stg')
      - dbt_utils.equality:
          compare_model: ref('snowplow_unified_views_expected_stg')

  - name: snowplow_unified_sessions_actual
    tests:
      - dbt_utils.equal_rowcount:
          compare_model: ref('snowplow_unified_sessions_expected_stg')
      - dbt_utils.equality:
          compare_model: ref('snowplow_unified_sessions_expected_stg')
  - name: snowplow_unified_users_actual
    tests:
      - dbt_utils.equal_rowcount:
          compare_model: ref('snowplow_unified_users_expected_stg')
      - dbt_utils.equality:
          compare_model: ref('snowplow_unified_users_expected_stg')
  - name: snowplow_unified_consent_cmp_stats_actual
    tests:
      - dbt_utils.equal_rowcount:
          compare_model: ref('snowplow_unified_consent_cmp_stats_expected_stg')
      - dbt_utils.equality:
          compare_model: ref('snowplow_unified_consent_cmp_stats_expected_stg')
  - name: snowplow_unified_consent_log_actual
    tests:
      - dbt_utils.equal_rowcount:
          compare_model: ref('snowplow_unified_consent_log_expected_stg')
      - dbt_utils.equality:
          compare_model: ref('snowplow_unified_consent_log_expected_stg')
  - name: snowplow_unified_consent_scope_status_actual
    tests:
      - dbt_utils.equal_rowcount:
          compare_model: ref('snowplow_unified_consent_scope_status_expected_stg')
      - dbt_utils.equality:
          compare_model: ref('snowplow_unified_consent_scope_status_expected_stg')
  - name: snowplow_unified_consent_totals_actual
    tests:
      - dbt_utils.equal_rowcount:
          compare_model: ref('snowplow_unified_consent_totals_expected_stg')
      - dbt_utils.equality:
          compare_model: ref('snowplow_unified_consent_totals_expected_stg')
  - name: snowplow_unified_consent_users_actual
    tests:
      - dbt_utils.equal_rowcount:
          compare_model: ref('snowplow_unified_consent_users_expected_stg')
      - dbt_utils.equality:
          compare_model: ref('snowplow_unified_consent_users_expected_stg')
  - name: snowplow_unified_consent_versions_actual
    tests:
      - dbt_utils.equal_rowcount:
          compare_model: ref('snowplow_unified_consent_versions_expected_stg')
      - dbt_utils.equality:
          compare_model: ref('snowplow_unified_consent_versions_expected_stg')
  - name: snowplow_unified_web_vital_measurements_actual
    tests:
      - dbt_utils.equal_rowcount:
          compare_model: ref('snowplow_unified_web_vital_measurements_expected_stg')
      - snowplow_unified_integration_tests.equality:
          compare_model: ref('snowplow_unified_web_vital_measurements_expected_stg')
          precision: 3
