scope,total_consent
statistics,8
preferences,6
necessary,13
marketing,7
