session_identifier
2bfc2c760c3ac434953eefd7903789429c8a5f8171c4b8b26aee93108b77bd35
