domain_userid,user_id,geo_country,cmp_events,consent_events,last_cmp_event_tstamp,last_consent_event_tstamp,last_consent_event_type,last_consent_scopes,last_consent_version,last_consent_url,last_domains_applied,last_processed_event,is_latest_version
f75a85d70c476daad5346389a17cb7611bcad04ac23dc7793c2da5a28d3fc4b3,consent_accel,GR,1,1,2021-02-26 09:09:52.027,2021-02-26 09:09:54.063,allow_selected,"necessary, statistics","1.0",https://www.example.com/,https://www.example.com/,2021-02-26 09:09:54.064,false
"6ca9c8b725d2e3c76cd49fb6f4fe1fcc47684380876e99dc18dc0861a5d7f58e",consent_accel,GR,1,1,2021-02-26 09:12:13.296,2021-02-26 09:12:15.803,allow_selected,"necessary, statistics","2.0",https://www.example.com/,https://www.example.com/,2021-02-26 09:12:15.804,true
"00806d345ef7311fafe3ea0b9967e515016d9c8b76e4803e714346e38b9d88bd",consent_accel,GR,1,1,2021-02-26 09:13:01.550,2021-02-26 09:13:04.614,allow_selected,"necessary, preferences, statistics","2.0",https://www.example.com/,https://www.example.com/,2021-02-26 09:13:04.615,true
e68aed5607b154baa57412f64e5111ca75ae44366e31e25bc12cb55126fb3927,consent_accel,GR,2,2,2021-02-26 09:10:41.304,2021-02-26 09:10:42.880,deny_all,necessary,"1.0",https://www.example.com/,https://www.example.com/,2021-02-26 09:10:42.881,false
"500f51265e0bf069bec25770e498c9d54fa89a1eed44d4a08d999d5e2f7852ab",consent_accel,GR,1,1,2021-02-26 09:09:40.735,2021-02-26 09:09:42.496,deny_all,necessary,"1.0",https://www.example.com/,https://www.example.com/,2021-02-26 09:09:42.497,false
ada2a4d74ae4a10bcba4440a1a9f35207d0b6a33303e024c3efe07b76620070b,consent_accel,GR,1,2,2021-02-26 09:11:16.595,2021-02-26 09:11:30.206,deny_all,necessary,"2.0",https://www.example.com/,https://www.example.com/,2021-02-26 09:11:30.207,true
"8b996f0b240407b9c815f217e172be56c2f8b2d92edaddfaf03c293197ec00c4",consent_accel,GR,2,2,2021-02-26 09:11:08.411,2021-02-26 09:11:09.446,deny_all,necessary,"1.0",https://www.example.com/,https://www.example.com/,2021-02-26 09:11:09.446,false
"55572b5893a5fd343df9d1d90c5a33de6baaa268018b9ab3f851a509414bc3cc",consent_accel,GR,1,1,2021-02-26 09:11:39.199,2021-02-26 09:11:41.194,allow_selected,"necessary, statistics","2.0",https://www.example.com/,https://www.example.com/,2021-02-26 09:11:41.195,true
"5a5b329daba8f027ed85c30dd00f0ae5f5ac4c4b53cd26a7816b88e10158b97a",consent_accel,GR,3,2,2021-02-26 09:08:44.836,2021-02-26 09:08:46.913,deny_all,necessary,"1.0",https://www.example.com/,https://www.example.com/,2021-02-26 09:08:46.917,false
"4b0897e90a332f443964f2549dfee262f1f673a5ccacf2bd21d17c0bec50c572",consent_accel,GR,1,1,2021-02-26 09:12:22.254,2021-02-26 09:12:23.161,allow_all,"necessary, preferences, statistics, marketing","2.0",https://www.example.com/,https://www.example.com/,2021-02-26 09:12:23.161,true
"4e28e51765e9c3fc3b5b7090a47a0a04ea204d0b6d1070e6844607faf95badfd",consent_accel,GR,1,1,2021-02-26 09:10:00.911,2021-02-26 09:10:03.418,allow_selected,"necessary, marketing","1.0",https://www.example.com/,https://www.example.com/,2021-02-26 09:10:03.418,false
"7e3708bb1215322c1c027e4221f2d9827efac748a8cc86c31af0b9189497d8f1",consent_accel,GR,1,1,2021-02-26 09:09:03.411,2021-02-26 09:09:04.212,allow_all,"necessary, preferences, statistics, marketing","1.0",https://www.example.com/,https://www.example.com/,2021-02-26 09:09:04.213,false
e2cd5ee3d241a43551ca5cba411cd1a45b42212d327f23cfaa26fe3309230af6,consent_accel,GR,1,1,2021-02-26 09:10:10.247,2021-02-26 09:10:12.529,allow_selected,"necessary, statistics","1.0",https://www.example.com/,https://www.example.com/,2021-02-26 09:10:12.530,false
"0f71eec8632b70a49da4c51f0397b06bfd3809cec5b19988cd6c31eb73448993",consent_accel,GR,1,1,2021-02-26 09:12:02.377,2021-02-26 09:12:05.519,allow_selected,"necessary, preferences, marketing","2.0",https://www.example.com/,https://www.example.com/,2021-02-26 09:12:05.520,true
"14adabe838147abf8a9ded33827f7e0b109221d7e0f7aad87166010ee9e1ebc9",consent_accel,GR,1,1,2021-02-26 09:13:39.080,2021-02-26 09:13:39.939,allow_all,"necessary, preferences, statistics, marketing","2.0",https://www.example.com/,https://www.example.com/,2021-02-26 09:13:39.940,true
"2816bdb9d221b9354c1d45472e3624b7531265c5d644bb2aa760c1b6b57a3d8e",consent_accel,GR,1,1,2021-02-26 09:11:49.891,2021-02-26 09:11:53.054,allow_selected,"necessary, statistics, marketing","2.0",https://www.example.com/,https://www.example.com/,2021-02-26 09:11:53.055,true
"7a1f9fdd5eba61e0c6b848879bdc46e270341a5dbf3509e5663f0c841135bc95",consent_accel,GR,1,1,2021-02-26 09:10:49.988,2021-02-26 09:10:52.576,allow_selected,"necessary, preferences, statistics","1.0",https://www.example.com/,https://www.example.com/,2021-02-26 09:10:52.577,false
"319f2800aa7cb1792187806d0c37e20a644b891c31da473979e057e7e8619506",consent_accel,GR,1,1,2021-02-26 09:08:53.687,2021-02-26 09:08:54.813,allow_all,"necessary, preferences, statistics, marketing","1.0",https://www.example.com/,https://www.example.com/,2021-02-26 09:08:54.814,false
f16ba0227d205b0269501cfb4cfd9f010fc4069c2901e530a9bdffcf21ff7242,consent_accel,GR,1,1,2021-02-26 09:09:22.654,2021-02-26 09:09:24.711,allow_selected,"necessary, statistics","1.0",https://www.example.com/,https://www.example.com/,2021-02-26 09:09:24.713,false
"134db4187db0e51bc13ad9f2f5e839edc04450757f6aa6cababd64f85056a805",consent_accel,GR,3,3,2021-02-26 09:12:46.562,2021-02-26 09:12:54.174,deny_all,necessary,"2.0",https://www.example.com/,https://www.example.com/,2021-02-26 09:12:54.174,true
"1de9fb9888e07e9991c52fb120a7be51309716bac09889e6bd5a09322cd301eb",consent_accel,GR,2,2,2021-02-26 09:13:28.582,2021-02-26 09:13:30.422,allow_all,"necessary, preferences, statistics, marketing","2.0",https://www.example.com/,https://www.example.com/,2021-02-26 09:13:30.423,true
a3126628f62daa41fa82c51e6eb2430645a1c000356e2dde3237310b7da28c06,consent_accel,GR,1,1,2021-02-26 09:13:49.632,2021-02-26 09:13:51.443,deny_all,necessary,"2.0",https://www.example.com/,https://www.example.com/,2021-02-26 09:13:51.444,true
"5c33a6ad2bfdd4e3834eaa82587236422263213cb7c3a72c133c8c7546282d36",consent_accel,GR,1,1,2021-03-03 09:14:00.221,2021-03-03 09:14:01.598,allow_all,"necessary, preferences, statistics, marketing","2.0",https://www.example.com/,https://www.example.com/,2021-03-03 09:14:01.599,true
"1c2e3fabb7cc1c6c1ba7789c1821ccb32e24cb064074c514f05a99bce4590a9f",consent_accel,GR,1,1,2021-02-26 09:09:13.507,2021-02-26 09:09:14.704,allow_all,"necessary, preferences, statistics, marketing","1.0",https://www.example.com/,https://www.example.com/,2021-02-26 09:09:14.705,false
da03a5870047e2c5a11c07f101695745a9e5adac316d1193cb55aa2c6485f611,consent_accel,GR,1,1,2021-02-26 09:13:11.721,2021-02-26 09:13:13.219,allow_selected,"necessary, marketing","2.0",https://www.example.com/,https://www.example.com/,2021-02-26 09:13:13.220,true
"07fde81e45ba6f5592a8fff724af99e4df5041945fc576f5daf9cbfdbf1a270e",consent_accel,GR,1,0,2021-02-26 09:09:31.302,,,,,,,2021-02-26 09:09:31.304,false
